<?xml version="1.0" encoding="UTF-8"?>
<TestRun id="42ccefa0-613c-4ecb-a9f3-be0b466e0b53" name="Denis@COMHOME 2016-11-01 19:08:22" runUser="comhome\Denis" xmlns="http://microsoft.com/schemas/VisualStudio/TeamTest/2010">
  <TestSettings name="Локальные" id="5632f53a-ee53-4cae-8a44-ca4fa81821fb">
    <Description>Это - параметры по умолчанию для локального тестового запуска.</Description>
    <Deployment enabled="false" runDeploymentRoot="Denis_COMHOME 2016-11-01 19_08_22" />
    <Execution>
      <TestTypeSpecific />
      <AgentRule name="Execution Agents">
      </AgentRule>
    </Execution>
  </TestSettings>
  <Times creation="2016-11-01T19:08:22.4384906+05:00" queuing="2016-11-01T19:08:22.5054945+05:00" start="2016-11-01T19:08:22.5794987+05:00" finish="2016-11-01T19:08:23.5595548+05:00" />
  <ResultSummary outcome="Failed">
    <Counters total="2" executed="2" passed="1" error="0" failed="1" timeout="0" aborted="0" inconclusive="0" passedButRunAborted="0" notRunnable="0" notExecuted="0" disconnected="0" warning="0" completed="0" inProgress="0" pending="0" />
  </ResultSummary>
  <TestDefinitions>
    <UnitTest name="TestFirstFibonacciNumber" storage="c:\users\denis\desktop\tdd\tdd\bin\debug\tdd.dll" id="941566a3-4d4d-8c3a-5a0d-bbb73020607a">
      <Execution id="f6acdfc2-bf3c-462b-8445-3b38875daaec" />
      <TestMethod codeBase="C:/Users/Denis/Desktop/TDD/TDD/bin/Debug/TDD.DLL" adapterTypeName="Microsoft.VisualStudio.TestTools.TestTypes.Unit.UnitTestAdapter, Microsoft.VisualStudio.QualityTools.Tips.UnitTest.Adapter, Version=10.0.0.0, Culture=neutral, PublicKeyToken=b03f5f7f11d50a3a" className="TDD.MathUtils, TDD, Version=1.0.0.0, Culture=neutral, PublicKeyToken=null" name="TestFirstFibonacciNumber" />
    </UnitTest>
    <UnitTest name="TestSecondFibonacciNumber" storage="c:\users\denis\desktop\tdd\tdd\bin\debug\tdd.dll" id="aa7892c4-5779-fa36-a882-1957f8bd24c6">
      <Execution id="b13651be-4c2d-4bff-a1d1-e3ea523c65c5" />
      <TestMethod codeBase="C:/Users/Denis/Desktop/TDD/TDD/bin/Debug/TDD.DLL" adapterTypeName="Microsoft.VisualStudio.TestTools.TestTypes.Unit.UnitTestAdapter, Microsoft.VisualStudio.QualityTools.Tips.UnitTest.Adapter, Version=10.0.0.0, Culture=neutral, PublicKeyToken=b03f5f7f11d50a3a" className="TDD.MathUtils, TDD, Version=1.0.0.0, Culture=neutral, PublicKeyToken=null" name="TestSecondFibonacciNumber" />
    </UnitTest>
  </TestDefinitions>
  <TestLists>
    <TestList name="Отсутствующие в списке результаты" id="8c84fa94-04c1-424b-9868-57a2d4851a1d" />
    <TestList name="Все загруженные результаты" id="19431567-8539-422a-85d7-44ee4e166bda" />
  </TestLists>
  <TestEntries>
    <TestEntry testId="941566a3-4d4d-8c3a-5a0d-bbb73020607a" executionId="f6acdfc2-bf3c-462b-8445-3b38875daaec" testListId="8c84fa94-04c1-424b-9868-57a2d4851a1d" />
    <TestEntry testId="aa7892c4-5779-fa36-a882-1957f8bd24c6" executionId="b13651be-4c2d-4bff-a1d1-e3ea523c65c5" testListId="8c84fa94-04c1-424b-9868-57a2d4851a1d" />
  </TestEntries>
  <Results>
    <UnitTestResult executionId="f6acdfc2-bf3c-462b-8445-3b38875daaec" testId="941566a3-4d4d-8c3a-5a0d-bbb73020607a" testName="TestFirstFibonacciNumber" computerName="COMHOME" duration="00:00:00.0163557" startTime="2016-11-01T19:08:22.6845047+05:00" endTime="2016-11-01T19:08:23.0675266+05:00" testType="13cdc9d9-ddb5-4fa4-a97d-d965ccfc6d4b" outcome="Passed" testListId="8c84fa94-04c1-424b-9868-57a2d4851a1d" relativeResultsDirectory="f6acdfc2-bf3c-462b-8445-3b38875daaec">
    </UnitTestResult>
    <UnitTestResult executionId="b13651be-4c2d-4bff-a1d1-e3ea523c65c5" testId="aa7892c4-5779-fa36-a882-1957f8bd24c6" testName="TestSecondFibonacciNumber" computerName="COMHOME" duration="00:00:00.2146281" startTime="2016-11-01T19:08:23.0785272+05:00" endTime="2016-11-01T19:08:23.3045402+05:00" testType="13cdc9d9-ddb5-4fa4-a97d-d965ccfc6d4b" outcome="Failed" testListId="8c84fa94-04c1-424b-9868-57a2d4851a1d" relativeResultsDirectory="b13651be-4c2d-4bff-a1d1-e3ea523c65c5">
      <Output>
        <ErrorInfo>
          <Message>Ошибка в Assert.AreEqual. Ожидается: &lt;1&gt;. Фактически: &lt;0&gt;. </Message>
          <StackTrace>   в TDD.MathUtils.TestSecondFibonacciNumber() в C:\Users\Denis\Desktop\TDD\TDD\UnitTest1.cs:строка 27
</StackTrace>
        </ErrorInfo>
      </Output>
    </UnitTestResult>
  </Results>
</TestRun>