<?xml version="1.0" encoding="UTF-8"?>
<TestRun id="0a3aa144-4552-4e4c-be69-49e06c889e5b" name="Denis@COMHOME 2016-11-01 19:10:47" runUser="comhome\Denis" xmlns="http://microsoft.com/schemas/VisualStudio/TeamTest/2010">
  <TestSettings name="Локальные" id="5632f53a-ee53-4cae-8a44-ca4fa81821fb">
    <Description>Это - параметры по умолчанию для локального тестового запуска.</Description>
    <Deployment enabled="false" runDeploymentRoot="Denis_COMHOME 2016-11-01 19_10_47" />
    <Execution>
      <TestTypeSpecific />
      <AgentRule name="Execution Agents">
      </AgentRule>
    </Execution>
  </TestSettings>
  <Times creation="2016-11-01T19:10:47.4747862+05:00" queuing="2016-11-01T19:10:47.5337896+05:00" start="2016-11-01T19:10:47.5717918+05:00" finish="2016-11-01T19:10:48.3358355+05:00" />
  <ResultSummary outcome="Completed">
    <Counters total="4" executed="4" passed="4" error="0" failed="0" timeout="0" aborted="0" inconclusive="0" passedButRunAborted="0" notRunnable="0" notExecuted="0" disconnected="0" warning="0" completed="0" inProgress="0" pending="0" />
  </ResultSummary>
  <TestDefinitions>
    <UnitTest name="TestSecondFibonacciNumber" storage="c:\users\denis\desktop\tdd\tdd\bin\debug\tdd.dll" id="aa7892c4-5779-fa36-a882-1957f8bd24c6">
      <Execution id="7a2a36c5-cf1b-4910-b66b-289180a2e7be" />
      <TestMethod codeBase="C:/Users/Denis/Desktop/TDD/TDD/bin/Debug/TDD.DLL" adapterTypeName="Microsoft.VisualStudio.TestTools.TestTypes.Unit.UnitTestAdapter, Microsoft.VisualStudio.QualityTools.Tips.UnitTest.Adapter, Version=10.0.0.0, Culture=neutral, PublicKeyToken=b03f5f7f11d50a3a" className="TDD.MathUtils, TDD, Version=1.0.0.0, Culture=neutral, PublicKeyToken=null" name="TestSecondFibonacciNumber" />
    </UnitTest>
    <UnitTest name="TestFirstFibonacciNumber" storage="c:\users\denis\desktop\tdd\tdd\bin\debug\tdd.dll" id="941566a3-4d4d-8c3a-5a0d-bbb73020607a">
      <Execution id="dca10859-95b6-42a2-b700-0ec0e747451d" />
      <TestMethod codeBase="C:/Users/Denis/Desktop/TDD/TDD/bin/Debug/TDD.DLL" adapterTypeName="Microsoft.VisualStudio.TestTools.TestTypes.Unit.UnitTestAdapter, Microsoft.VisualStudio.QualityTools.Tips.UnitTest.Adapter, Version=10.0.0.0, Culture=neutral, PublicKeyToken=b03f5f7f11d50a3a" className="TDD.MathUtils, TDD, Version=1.0.0.0, Culture=neutral, PublicKeyToken=null" name="TestFirstFibonacciNumber" />
    </UnitTest>
    <UnitTest name="TestThirdFibonacciNumber" storage="c:\users\denis\desktop\tdd\tdd\bin\debug\tdd.dll" id="164fde5b-031c-0336-b0f0-0cd099d38ec1">
      <Execution id="1e5cb7da-374d-441f-bca5-2ad823dfab0d" />
      <TestMethod codeBase="C:/Users/Denis/Desktop/TDD/TDD/bin/Debug/TDD.DLL" adapterTypeName="Microsoft.VisualStudio.TestTools.TestTypes.Unit.UnitTestAdapter, Microsoft.VisualStudio.QualityTools.Tips.UnitTest.Adapter, Version=10.0.0.0, Culture=neutral, PublicKeyToken=b03f5f7f11d50a3a" className="TDD.MathUtils, TDD, Version=1.0.0.0, Culture=neutral, PublicKeyToken=null" name="TestThirdFibonacciNumber" />
    </UnitTest>
    <UnitTest name="TestFourthFibonacciNumber" storage="c:\users\denis\desktop\tdd\tdd\bin\debug\tdd.dll" id="8dba589f-60b2-0dd9-a227-5161fe874491">
      <Execution id="e0402959-bf78-49ab-b14a-7aac74176862" />
      <TestMethod codeBase="C:/Users/Denis/Desktop/TDD/TDD/bin/Debug/TDD.DLL" adapterTypeName="Microsoft.VisualStudio.TestTools.TestTypes.Unit.UnitTestAdapter, Microsoft.VisualStudio.QualityTools.Tips.UnitTest.Adapter, Version=10.0.0.0, Culture=neutral, PublicKeyToken=b03f5f7f11d50a3a" className="TDD.MathUtils, TDD, Version=1.0.0.0, Culture=neutral, PublicKeyToken=null" name="TestFourthFibonacciNumber" />
    </UnitTest>
  </TestDefinitions>
  <TestLists>
    <TestList name="Отсутствующие в списке результаты" id="8c84fa94-04c1-424b-9868-57a2d4851a1d" />
    <TestList name="Все загруженные результаты" id="19431567-8539-422a-85d7-44ee4e166bda" />
  </TestLists>
  <TestEntries>
    <TestEntry testId="164fde5b-031c-0336-b0f0-0cd099d38ec1" executionId="1e5cb7da-374d-441f-bca5-2ad823dfab0d" testListId="8c84fa94-04c1-424b-9868-57a2d4851a1d" />
    <TestEntry testId="8dba589f-60b2-0dd9-a227-5161fe874491" executionId="e0402959-bf78-49ab-b14a-7aac74176862" testListId="8c84fa94-04c1-424b-9868-57a2d4851a1d" />
    <TestEntry testId="941566a3-4d4d-8c3a-5a0d-bbb73020607a" executionId="dca10859-95b6-42a2-b700-0ec0e747451d" testListId="8c84fa94-04c1-424b-9868-57a2d4851a1d" />
    <TestEntry testId="aa7892c4-5779-fa36-a882-1957f8bd24c6" executionId="7a2a36c5-cf1b-4910-b66b-289180a2e7be" testListId="8c84fa94-04c1-424b-9868-57a2d4851a1d" />
  </TestEntries>
  <Results>
    <UnitTestResult executionId="1e5cb7da-374d-441f-bca5-2ad823dfab0d" testId="164fde5b-031c-0336-b0f0-0cd099d38ec1" testName="TestThirdFibonacciNumber" computerName="COMHOME" duration="00:00:00.0164132" startTime="2016-11-01T19:10:47.7768035+05:00" endTime="2016-11-01T19:10:48.1758263+05:00" testType="13cdc9d9-ddb5-4fa4-a97d-d965ccfc6d4b" outcome="Passed" testListId="8c84fa94-04c1-424b-9868-57a2d4851a1d" relativeResultsDirectory="1e5cb7da-374d-441f-bca5-2ad823dfab0d">
    </UnitTestResult>
    <UnitTestResult executionId="e0402959-bf78-49ab-b14a-7aac74176862" testId="8dba589f-60b2-0dd9-a227-5161fe874491" testName="TestFourthFibonacciNumber" computerName="COMHOME" duration="00:00:00.0012836" startTime="2016-11-01T19:10:48.1878270+05:00" endTime="2016-11-01T19:10:48.1948274+05:00" testType="13cdc9d9-ddb5-4fa4-a97d-d965ccfc6d4b" outcome="Passed" testListId="8c84fa94-04c1-424b-9868-57a2d4851a1d" relativeResultsDirectory="e0402959-bf78-49ab-b14a-7aac74176862">
    </UnitTestResult>
    <UnitTestResult executionId="dca10859-95b6-42a2-b700-0ec0e747451d" testId="941566a3-4d4d-8c3a-5a0d-bbb73020607a" testName="TestFirstFibonacciNumber" computerName="COMHOME" duration="00:00:00.0002150" startTime="2016-11-01T19:10:48.1978276+05:00" endTime="2016-11-01T19:10:48.2048280+05:00" testType="13cdc9d9-ddb5-4fa4-a97d-d965ccfc6d4b" outcome="Passed" testListId="8c84fa94-04c1-424b-9868-57a2d4851a1d" relativeResultsDirectory="dca10859-95b6-42a2-b700-0ec0e747451d">
    </UnitTestResult>
    <UnitTestResult executionId="7a2a36c5-cf1b-4910-b66b-289180a2e7be" testId="aa7892c4-5779-fa36-a882-1957f8bd24c6" testName="TestSecondFibonacciNumber" computerName="COMHOME" duration="00:00:00.0013468" startTime="2016-11-01T19:10:48.2078282+05:00" endTime="2016-11-01T19:10:48.2148286+05:00" testType="13cdc9d9-ddb5-4fa4-a97d-d965ccfc6d4b" outcome="Passed" testListId="8c84fa94-04c1-424b-9868-57a2d4851a1d" relativeResultsDirectory="7a2a36c5-cf1b-4910-b66b-289180a2e7be">
    </UnitTestResult>
  </Results>
</TestRun>